******************************************************************************
                  TI ARM Linker PC v16.9.6                     
******************************************************************************
>> Linked Tue Dec 03 17:14:46 2019

OUTPUT FILE NAME:   <hw5.out>
ENTRY POINT SYMBOL: "_c_int00"  address: 000022b9


MEMORY CONFIGURATION

         name            origin    length      used     unused   attr    fill
----------------------  --------  ---------  --------  --------  ----  --------
  FLASH                 00000000   00040000  00002501  0003daff  R  X
  SRAM                  20000000   00008000  0000025c  00007da4  RW X


SEGMENT ALLOCATION MAP

run origin  load origin   length   init length attrs members
----------  ----------- ---------- ----------- ----- -------
00000000    00000000    00002508   00002508    r-x
  00000000    00000000    0000026c   0000026c    r-- .intvecs
  0000026c    0000026c    00002222   00002222    r-x .text
  00002490    00002490    0000003b   0000003b    r-- .const
  000024d0    000024d0    00000038   00000038    r-- .cinit
20000000    20000000    0000025c   00000000    rw-
  20000000    20000000    00000200   00000000    rw- .stack
  20000200    20000200    00000054   00000000    rw- .data
  20000254    20000254    00000008   00000000    rw- .bss


SECTION ALLOCATION MAP

 output                                  attributes/
section   page    origin      length       input sections
--------  ----  ----------  ----------   ----------------
.intvecs   0    00000000    0000026c     
                  00000000    0000026c     tm4c123gh6pm_startup_ccs.obj (.intvecs)

.text      0    0000026c    00002222     
                  0000026c    00000ab0     main.obj (.text)
                  00000d1c    000009ac     rtsv7M4_T_le_v4SPD16_eabi.lib : e_pow.obj (.text)
                  000016c8    000001b6                                   : fd_add_t2.obj (.text)
                  0000187e    00000002                                   : mpu_init.obj (.text)
                  00001880    00000170                                   : e_sqrt.obj (.text)
                  000019f0    00000164     Serial.obj (.text)
                  00001b54    00000138     timer.obj (.text)
                  00001c8c    00000136     rtsv7M4_T_le_v4SPD16_eabi.lib : fd_div_t2.obj (.text)
                  00001dc2    000000fc                                   : fd_mul_t2.obj (.text)
                  00001ebe    00000002                                   : startup.obj (.text)
                  00001ec0    000000fc                                   : s_scalbn.obj (.text)
                  00001fbc    0000009c                                   : memcpy_t2.obj (.text)
                  00002058    00000086                                   : fd_cmp_t2.obj (.text:__aeabi_cdcmple)
                  000020de    00000086                                   : fd_cmp_t2.obj (.text:__aeabi_cdrcmple)
                  00002164    0000007a                                   : memset_t2.obj (.text)
                  000021de    00000002     --HOLE-- [fill = 0]
                  000021e0    00000070                                   : autoinit.obj (.text)
                  00002250    00000068                                   : copy_decompress_lzss.obj (.text:decompress:lzss)
                  000022b8    00000054                                   : boot.obj (.text)
                  0000230c    00000054                                   : exit.obj (.text)
                  00002360    0000004c                                   : cpy_tbl.obj (.text)
                  000023ac    00000048                                   : fd_toi_t2.obj (.text)
                  000023f4    0000002e                                   : i_tofd_t2.obj (.text)
                  00002422    00000002     --HOLE-- [fill = 0]
                  00002424    00000018                                   : args_main.obj (.text)
                  0000243c    00000014                                   : _lock.obj (.text)
                  00002450    00000014                                   : s_copysign.obj (.text)
                  00002464    0000000e                                   : copy_decompress_none.obj (.text:decompress:none)
                  00002472    0000000c                                   : copy_zero_init.obj (.text:decompress:ZI)
                  0000247e    0000000c     tm4c123gh6pm_startup_ccs.obj (.text)
                  0000248a    00000004     rtsv7M4_T_le_v4SPD16_eabi.lib : pre_init.obj (.text)

.const     0    00002490    0000003b     
                  00002490    00000030     rtsv7M4_T_le_v4SPD16_eabi.lib : e_pow.obj (.const:$O1$$)
                  000024c0    0000000b     Serial.obj (.const:.string:$P$T0$1)

.cinit     0    000024d0    00000038     
                  000024d0    00000012     (.cinit..data.load) [load image, compression = lzss]
                  000024e2    00000002     --HOLE-- [fill = 0]
                  000024e4    0000000c     (__TI_handler_table)
                  000024f0    00000008     (.cinit..bss.load) [load image, compression = zero_init]
                  000024f8    00000010     (__TI_cinit_table)

.init_array 
*          0    00000000    00000000     UNINITIALIZED

.stack     0    20000000    00000200     UNINITIALIZED
                  20000000    00000200     --HOLE--

.data      0    20000200    00000054     UNINITIALIZED
                  20000200    00000038     main.obj (.data)
                  20000238    0000000c     rtsv7M4_T_le_v4SPD16_eabi.lib : exit.obj (.data:$O1$$)
                  20000244    00000008                                   : _lock.obj (.data:$O1$$)
                  2000024c    00000004                                   : errno.obj (.data)
                  20000250    00000004                                   : stkdepth_vars.obj (.data)

.bss       0    20000254    00000008     UNINITIALIZED
                  20000254    00000004     (.common:ADCvalue)
                  20000258    00000004     (.common:distance)

MODULE SUMMARY

       Module                         code   ro data   rw data
       ------                         ----   -------   -------
    .\
       main.obj                       2736   0         64     
       tm4c123gh6pm_startup_ccs.obj   12     620       0      
       Serial.obj                     356    11        0      
       timer.obj                      312    0         0      
    +--+------------------------------+------+---------+---------+
       Total:                         3416   631       64     
                                                              
    C:\ti\ccsv7\tools\compiler\ti-cgt-arm_16.9.6.LTS\lib\rtsv7M4_T_le_v4SPD16_eabi.lib
       e_pow.obj                      2476   48        0      
       fd_add_t2.obj                  438    0         0      
       e_sqrt.obj                     368    0         0      
       fd_div_t2.obj                  310    0         0      
       fd_cmp_t2.obj                  268    0         0      
       fd_mul_t2.obj                  252    0         0      
       s_scalbn.obj                   252    0         0      
       memcpy_t2.obj                  156    0         0      
       memset_t2.obj                  122    0         0      
       autoinit.obj                   112    0         0      
       copy_decompress_lzss.obj       104    0         0      
       exit.obj                       84     0         12     
       boot.obj                       84     0         0      
       cpy_tbl.obj                    76     0         0      
       fd_toi_t2.obj                  72     0         0      
       i_tofd_t2.obj                  46     0         0      
       _lock.obj                      20     0         8      
       args_main.obj                  24     0         0      
       s_copysign.obj                 20     0         0      
       copy_decompress_none.obj       14     0         0      
       copy_zero_init.obj             12     0         0      
       errno.obj                      0      0         4      
       pre_init.obj                   4      0         0      
       stkdepth_vars.obj              0      0         4      
       mpu_init.obj                   2      0         0      
       startup.obj                    2      0         0      
    +--+------------------------------+------+---------+---------+
       Total:                         5318   48        28     
                                                              
       Stack:                         0      0         512    
       Linker Generated:              0      54        0      
    +--+------------------------------+------+---------+---------+
       Grand Total:                   8734   733       604    


LINKER GENERATED COPY TABLES

__TI_cinit_table @ 000024f8 records: 2, size/record: 8, table size: 16
	.data: load addr=000024d0, load size=00000012 bytes, run addr=20000200, run size=00000054 bytes, compression=lzss
	.bss: load addr=000024f0, load size=00000008 bytes, run addr=20000254, run size=00000008 bytes, compression=zero_init


LINKER GENERATED HANDLER TABLE

__TI_handler_table @ 000024e4 records: 3, size/record: 4, table size: 12
	index: 0, handler: __TI_decompress_lzss
	index: 1, handler: __TI_decompress_none
	index: 2, handler: __TI_zero_init


GLOBAL SYMBOLS: SORTED ALPHABETICALLY BY Name 

address   name                           
-------   ----                           
000004c9  ADC0Seq3_Handler               
000003bb  ADC0_InitTimer0A               
20000254  ADCvalue                       
0000230d  C$$EXIT                        
20000204  Done                           
2000020c  First                          
0000026d  PLLInit                        
000002d3  PWM_Init                       
20000208  Period                         
0000247f  ResetISR                       
UNDEFED   SHT$$INIT_ARRAY$$Base          
UNDEFED   SHT$$INIT_ARRAY$$Limit         
00001a4f  SerialWrite                    
00001ab1  SerialWriteInt                 
00001a81  SerialWriteLine                
000019f1  SetupSerial                    
00001b71  SysTick_Wait                   
00001bdd  SysTick_Wait100microsec        
00001c53  SysTick_Wait100nanosec         
00001c05  SysTick_Wait10microsec         
00001b91  SysTick_Wait10ms               
00001c2d  SysTick_Wait1microsec          
00001bb7  SysTick_Wait1ms                
00001b55  SystickInit                    
0000056d  Timer0A_Handler                
0000053d  Timer2A_Handler                
20000200  __STACK_END                    
00000200  __STACK_SIZE                   
20000200  __STACK_TOP                    
000024f8  __TI_CINIT_Base                
00002508  __TI_CINIT_Limit               
000024e4  __TI_Handler_Table_Base        
000024f0  __TI_Handler_Table_Limit       
000021e1  __TI_auto_init                 
20000238  __TI_cleanup_ptr               
00002251  __TI_decompress_lzss           
00002465  __TI_decompress_none           
2000023c  __TI_dtors_ptr                 
20000240  __TI_enable_exit_profile_output
ffffffff  __TI_pprof_out_hndl            
ffffffff  __TI_prof_data_size            
ffffffff  __TI_prof_data_start           
00000000  __TI_static_base__             
00002473  __TI_zero_init                 
00002059  __aeabi_cdcmpeq                
00002059  __aeabi_cdcmple                
000020df  __aeabi_cdrcmple               
000023ad  __aeabi_d2iz                   
000016d3  __aeabi_dadd                   
00001c8d  __aeabi_ddiv                   
00001dc3  __aeabi_dmul                   
000016c9  __aeabi_dsub                   
000023f5  __aeabi_i2d                    
00002165  __aeabi_memclr                 
00002165  __aeabi_memclr4                
00002165  __aeabi_memclr8                
00001fbd  __aeabi_memcpy                 
00001fbd  __aeabi_memcpy4                
00001fbd  __aeabi_memcpy8                
00002167  __aeabi_memset                 
00002167  __aeabi_memset4                
00002167  __aeabi_memset8                
ffffffff  __binit__                      
ffffffff  __c_args__                     
0000187f  __mpu_init                     
20000000  __stack                        
00002425  _args_main                     
000022b9  _c_int00                       
20000244  _lock                          
0000244b  _nop                           
00002443  _register_lock                 
0000243d  _register_unlock               
00001ebf  _system_post_cinit             
0000248b  _system_pre_init               
20000248  _unlock                        
00002311  abort                          
ffffffff  binit                          
20000230  blue                           
20000210  complete                       
00002361  copy_in                        
00002451  copysign                       
00002451  copysignl                      
20000214  countFreq                      
20000200  createdSamp                    
20000258  distance                       
2000024c  errno                          
00002319  exit                           
00000000  g_pfnVectors                   
20000228  green                          
00001ec1  ldexp                          
00001ec1  ldexpl                         
00000635  main                           
20000250  main_func_sp                   
00001fbd  memcpy                         
0000216d  memset                         
00000d1d  pow                            
00000d1d  powl                           
00000387  pwm_dutyA                      
000003a1  pwm_dutyB                      
20000220  red                            
00001ec1  scalbn                         
00001ec1  scalbnl                        
00001881  sqrt                           
00001881  sqrtl                          
20000218  sum                            


GLOBAL SYMBOLS: SORTED BY Symbol Address 

address   name                           
-------   ----                           
00000000  __TI_static_base__             
00000000  g_pfnVectors                   
00000200  __STACK_SIZE                   
0000026d  PLLInit                        
000002d3  PWM_Init                       
00000387  pwm_dutyA                      
000003a1  pwm_dutyB                      
000003bb  ADC0_InitTimer0A               
000004c9  ADC0Seq3_Handler               
0000053d  Timer2A_Handler                
0000056d  Timer0A_Handler                
00000635  main                           
00000d1d  pow                            
00000d1d  powl                           
000016c9  __aeabi_dsub                   
000016d3  __aeabi_dadd                   
0000187f  __mpu_init                     
00001881  sqrt                           
00001881  sqrtl                          
000019f1  SetupSerial                    
00001a4f  SerialWrite                    
00001a81  SerialWriteLine                
00001ab1  SerialWriteInt                 
00001b55  SystickInit                    
00001b71  SysTick_Wait                   
00001b91  SysTick_Wait10ms               
00001bb7  SysTick_Wait1ms                
00001bdd  SysTick_Wait100microsec        
00001c05  SysTick_Wait10microsec         
00001c2d  SysTick_Wait1microsec          
00001c53  SysTick_Wait100nanosec         
00001c8d  __aeabi_ddiv                   
00001dc3  __aeabi_dmul                   
00001ebf  _system_post_cinit             
00001ec1  ldexp                          
00001ec1  ldexpl                         
00001ec1  scalbn                         
00001ec1  scalbnl                        
00001fbd  __aeabi_memcpy                 
00001fbd  __aeabi_memcpy4                
00001fbd  __aeabi_memcpy8                
00001fbd  memcpy                         
00002059  __aeabi_cdcmpeq                
00002059  __aeabi_cdcmple                
000020df  __aeabi_cdrcmple               
00002165  __aeabi_memclr                 
00002165  __aeabi_memclr4                
00002165  __aeabi_memclr8                
00002167  __aeabi_memset                 
00002167  __aeabi_memset4                
00002167  __aeabi_memset8                
0000216d  memset                         
000021e1  __TI_auto_init                 
00002251  __TI_decompress_lzss           
000022b9  _c_int00                       
0000230d  C$$EXIT                        
00002311  abort                          
00002319  exit                           
00002361  copy_in                        
000023ad  __aeabi_d2iz                   
000023f5  __aeabi_i2d                    
00002425  _args_main                     
0000243d  _register_unlock               
00002443  _register_lock                 
0000244b  _nop                           
00002451  copysign                       
00002451  copysignl                      
00002465  __TI_decompress_none           
00002473  __TI_zero_init                 
0000247f  ResetISR                       
0000248b  _system_pre_init               
000024e4  __TI_Handler_Table_Base        
000024f0  __TI_Handler_Table_Limit       
000024f8  __TI_CINIT_Base                
00002508  __TI_CINIT_Limit               
20000000  __stack                        
20000200  __STACK_END                    
20000200  __STACK_TOP                    
20000200  createdSamp                    
20000204  Done                           
20000208  Period                         
2000020c  First                          
20000210  complete                       
20000214  countFreq                      
20000218  sum                            
20000220  red                            
20000228  green                          
20000230  blue                           
20000238  __TI_cleanup_ptr               
2000023c  __TI_dtors_ptr                 
20000240  __TI_enable_exit_profile_output
20000244  _lock                          
20000248  _unlock                        
2000024c  errno                          
20000250  main_func_sp                   
20000254  ADCvalue                       
20000258  distance                       
ffffffff  __TI_pprof_out_hndl            
ffffffff  __TI_prof_data_size            
ffffffff  __TI_prof_data_start           
ffffffff  __binit__                      
ffffffff  __c_args__                     
ffffffff  binit                          
UNDEFED   SHT$$INIT_ARRAY$$Base          
UNDEFED   SHT$$INIT_ARRAY$$Limit         

[105 symbols]
